// Jest Snapshot v1, https://goo.gl/fbAQLP

exports[`LoginForm component renders the form 1`] = `
<form
  className="auth-form"
  onSubmit={[Function]}
>
  <div
    className="auth-form__input-holder"
  >
    <label
      htmlFor="auth-form__user-name-input"
    >
      User name
    </label>
    <input
      id="login-form__user-name-input"
      name="user_name"
      required={true}
    />
  </div>
  <div
    className="auth-form__input-holder"
  >
    <label
      htmlFor="auth-form__password"
    >
      Password
    </label>
    <input
      className="auth-form__password-input"
      id="login-form__password"
      name="password"
      required={true}
      type="password"
    />
  </div>
  <button
    className="auth-form__auth-button"
    type="submit"
  >
    Log in
  </button>
  <div
    className="auth-form__register-holder"
  >
    <span>
      new?
    </span>
  </div>
  <Link
    replace={false}
    to="/register"
  >
    Create an account
  </Link>
</form>
`;
