// Jest Snapshot v1, https://goo.gl/fbAQLP

exports[`ErrorPage tests renders an error given an error 1`] = `
<div
  className="error-page"
>
  <h1>
    Something has gone wrong on our end.
  </h1>
  <p>
    Try refreshing the page in a bit.
  </p>
</div>
`;

exports[`ErrorPage tests renders given children 1`] = `
<div>
  testing
</div>
`;
